// Jest Snapshot v1, https://goo.gl/fbAQLP

exports[`App should render a default App component 1`] = `ReactWrapper {}`;

exports[`App should render an App component 1`] = `ReactWrapper {}`;

exports[`ProductsList component tests should render a default productList component 1`] = `ReactWrapper {}`;
